Archive member included to satisfy reference by file (symbol)

/home/prith123/Ac6/SystemWorkbench/plugins/fr.ac6.mcu.externaltools.arm-none.linux64_1.16.0.201807130628/tools/compiler/bin/../lib/gcc/arm-none-eabi/7.2.1/thumb/v6-m/libgcc.a(_udivsi3.o)
                              HAL_Driver/Src/stm32f0xx_hal.o (__aeabi_uidiv)
/home/prith123/Ac6/SystemWorkbench/plugins/fr.ac6.mcu.externaltools.arm-none.linux64_1.16.0.201807130628/tools/compiler/bin/../lib/gcc/arm-none-eabi/7.2.1/thumb/v6-m/libgcc.a(_dvmd_tls.o)
                              /home/prith123/Ac6/SystemWorkbench/plugins/fr.ac6.mcu.externaltools.arm-none.linux64_1.16.0.201807130628/tools/compiler/bin/../lib/gcc/arm-none-eabi/7.2.1/thumb/v6-m/libgcc.a(_udivsi3.o) (__aeabi_idiv0)
/home/prith123/Ac6/SystemWorkbench/plugins/fr.ac6.mcu.externaltools.arm-none.linux64_1.16.0.201807130628/tools/compiler/bin/../lib/gcc/arm-none-eabi/7.2.1/../../../../arm-none-eabi/lib/thumb/v6-m/libc.a(lib_a-errno.o)
                              src/syscalls.o (__errno)
/home/prith123/Ac6/SystemWorkbench/plugins/fr.ac6.mcu.externaltools.arm-none.linux64_1.16.0.201807130628/tools/compiler/bin/../lib/gcc/arm-none-eabi/7.2.1/../../../../arm-none-eabi/lib/thumb/v6-m/libc.a(lib_a-exit.o)
                              /home/prith123/Ac6/SystemWorkbench/plugins/fr.ac6.mcu.externaltools.arm-none.linux64_1.16.0.201807130628/tools/compiler/bin/../lib/gcc/arm-none-eabi/7.2.1/../../../../arm-none-eabi/lib/thumb/v6-m/crt0.o (exit)
/home/prith123/Ac6/SystemWorkbench/plugins/fr.ac6.mcu.externaltools.arm-none.linux64_1.16.0.201807130628/tools/compiler/bin/../lib/gcc/arm-none-eabi/7.2.1/../../../../arm-none-eabi/lib/thumb/v6-m/libc.a(lib_a-impure.o)
                              /home/prith123/Ac6/SystemWorkbench/plugins/fr.ac6.mcu.externaltools.arm-none.linux64_1.16.0.201807130628/tools/compiler/bin/../lib/gcc/arm-none-eabi/7.2.1/../../../../arm-none-eabi/lib/thumb/v6-m/libc.a(lib_a-exit.o) (_global_impure_ptr)
/home/prith123/Ac6/SystemWorkbench/plugins/fr.ac6.mcu.externaltools.arm-none.linux64_1.16.0.201807130628/tools/compiler/bin/../lib/gcc/arm-none-eabi/7.2.1/../../../../arm-none-eabi/lib/thumb/v6-m/libc.a(lib_a-init.o)
                              /home/prith123/Ac6/SystemWorkbench/plugins/fr.ac6.mcu.externaltools.arm-none.linux64_1.16.0.201807130628/tools/compiler/bin/../lib/gcc/arm-none-eabi/7.2.1/../../../../arm-none-eabi/lib/thumb/v6-m/crt0.o (__libc_init_array)
/home/prith123/Ac6/SystemWorkbench/plugins/fr.ac6.mcu.externaltools.arm-none.linux64_1.16.0.201807130628/tools/compiler/bin/../lib/gcc/arm-none-eabi/7.2.1/../../../../arm-none-eabi/lib/thumb/v6-m/libc.a(lib_a-memset.o)
                              /home/prith123/Ac6/SystemWorkbench/plugins/fr.ac6.mcu.externaltools.arm-none.linux64_1.16.0.201807130628/tools/compiler/bin/../lib/gcc/arm-none-eabi/7.2.1/../../../../arm-none-eabi/lib/thumb/v6-m/crt0.o (memset)
/home/prith123/Ac6/SystemWorkbench/plugins/fr.ac6.mcu.externaltools.arm-none.linux64_1.16.0.201807130628/tools/compiler/bin/../lib/gcc/arm-none-eabi/7.2.1/../../../../arm-none-eabi/lib/thumb/v6-m/libc.a(lib_a-__call_atexit.o)
                              /home/prith123/Ac6/SystemWorkbench/plugins/fr.ac6.mcu.externaltools.arm-none.linux64_1.16.0.201807130628/tools/compiler/bin/../lib/gcc/arm-none-eabi/7.2.1/../../../../arm-none-eabi/lib/thumb/v6-m/libc.a(lib_a-exit.o) (__call_exitprocs)
/home/prith123/Ac6/SystemWorkbench/plugins/fr.ac6.mcu.externaltools.arm-none.linux64_1.16.0.201807130628/tools/compiler/bin/../lib/gcc/arm-none-eabi/7.2.1/../../../../arm-none-eabi/lib/thumb/v6-m/libc.a(lib_a-atexit.o)
                              /home/prith123/Ac6/SystemWorkbench/plugins/fr.ac6.mcu.externaltools.arm-none.linux64_1.16.0.201807130628/tools/compiler/bin/../lib/gcc/arm-none-eabi/7.2.1/../../../../arm-none-eabi/lib/thumb/v6-m/libc.a(lib_a-__call_atexit.o) (atexit)
/home/prith123/Ac6/SystemWorkbench/plugins/fr.ac6.mcu.externaltools.arm-none.linux64_1.16.0.201807130628/tools/compiler/bin/../lib/gcc/arm-none-eabi/7.2.1/../../../../arm-none-eabi/lib/thumb/v6-m/libc.a(lib_a-fini.o)
                              /home/prith123/Ac6/SystemWorkbench/plugins/fr.ac6.mcu.externaltools.arm-none.linux64_1.16.0.201807130628/tools/compiler/bin/../lib/gcc/arm-none-eabi/7.2.1/../../../../arm-none-eabi/lib/thumb/v6-m/libc.a(lib_a-__call_atexit.o) (__libc_fini_array)
/home/prith123/Ac6/SystemWorkbench/plugins/fr.ac6.mcu.externaltools.arm-none.linux64_1.16.0.201807130628/tools/compiler/bin/../lib/gcc/arm-none-eabi/7.2.1/../../../../arm-none-eabi/lib/thumb/v6-m/libc.a(lib_a-lock.o)
                              /home/prith123/Ac6/SystemWorkbench/plugins/fr.ac6.mcu.externaltools.arm-none.linux64_1.16.0.201807130628/tools/compiler/bin/../lib/gcc/arm-none-eabi/7.2.1/../../../../arm-none-eabi/lib/thumb/v6-m/libc.a(lib_a-__call_atexit.o) (__retarget_lock_acquire_recursive)
[...]
Memory Configuration

Name             Origin             Length             Attributes
FLASH            0x0000000008000000 0x0000000000010000 xr
RAM              0x0000000020000000 0x0000000000002000 xrw
*default*        0x0000000000000000 0xffffffffffffffff

Linker script and memory map

LOAD /home/prith123/Ac6/SystemWorkbench/plugins/fr.ac6.mcu.externaltools.arm-none.linux64_1.16.0.201807130628/tools/compiler/bin/../lib/gcc/arm-none-eabi/7.2.1/thumb/v6-m/crti.o
LOAD /home/prith123/Ac6/SystemWorkbench/plugins/fr.ac6.mcu.externaltools.arm-none.linux64_1.16.0.201807130628/tools/compiler/bin/../lib/gcc/arm-none-eabi/7.2.1/thumb/v6-m/crtbegin.o
LOAD /home/prith123/Ac6/SystemWorkbench/plugins/fr.ac6.mcu.externaltools.arm-none.linux64_1.16.0.201807130628/tools/compiler/bin/../lib/gcc/arm-none-eabi/7.2.1/../../../../arm-none-eabi/lib/thumb/v6-m/crt0.o
LOAD HAL_Driver/Src/stm32f0xx_hal.o
LOAD HAL_Driver/Src/stm32f0xx_hal_adc.o
LOAD HAL_Driver/Src/stm32f0xx_hal_adc_ex.o
LOAD HAL_Driver/Src/stm32f0xx_hal_can.o
LOAD HAL_Driver/Src/stm32f0xx_hal_cec.o
LOAD HAL_Driver/Src/stm32f0xx_hal_comp.o
LOAD HAL_Driver/Src/stm32f0xx_hal_cortex.o
LOAD HAL_Driver/Src/stm32f0xx_hal_crc.o
LOAD HAL_Driver/Src/stm32f0xx_hal_crc_ex.o
LOAD HAL_Driver/Src/stm32f0xx_hal_dac.o
LOAD HAL_Driver/Src/stm32f0xx_hal_dac_ex.o
LOAD HAL_Driver/Src/stm32f0xx_hal_dma.o
LOAD HAL_Driver/Src/stm32f0xx_hal_flash.o
LOAD HAL_Driver/Src/stm32f0xx_hal_flash_ex.o
LOAD HAL_Driver/Src/stm32f0xx_hal_gpio.o
LOAD HAL_Driver/Src/stm32f0xx_hal_i2c.o
LOAD HAL_Driver/Src/stm32f0xx_hal_i2c_ex.o
LOAD HAL_Driver/Src/stm32f0xx_hal_i2s.o
LOAD HAL_Driver/Src/stm32f0xx_hal_irda.o
LOAD HAL_Driver/Src/stm32f0xx_hal_iwdg.o
LOAD HAL_Driver/Src/stm32f0xx_hal_msp_template.o
LOAD HAL_Driver/Src/stm32f0xx_hal_pcd.o
LOAD HAL_Driver/Src/stm32f0xx_hal_pcd_ex.o
LOAD HAL_Driver/Src/stm32f0xx_hal_pwr.o
LOAD HAL_Driver/Src/stm32f0xx_hal_pwr_ex.o
LOAD HAL_Driver/Src/stm32f0xx_hal_rcc.o
LOAD HAL_Driver/Src/stm32f0xx_hal_rcc_ex.o
LOAD HAL_Driver/Src/stm32f0xx_hal_rtc.o
LOAD HAL_Driver/Src/stm32f0xx_hal_rtc_ex.o
LOAD HAL_Driver/Src/stm32f0xx_hal_smartcard.o
LOAD HAL_Driver/Src/stm32f0xx_hal_smartcard_ex.o
LOAD HAL_Driver/Src/stm32f0xx_hal_smbus.o
LOAD HAL_Driver/Src/stm32f0xx_hal_spi.o
LOAD HAL_Driver/Src/stm32f0xx_hal_spi_ex.o
LOAD HAL_Driver/Src/stm32f0xx_hal_tim.o
LOAD HAL_Driver/Src/stm32f0xx_hal_tim_ex.o
LOAD HAL_Driver/Src/stm32f0xx_hal_tsc.o
LOAD HAL_Driver/Src/stm32f0xx_hal_uart.o
LOAD HAL_Driver/Src/stm32f0xx_hal_uart_ex.o
LOAD HAL_Driver/Src/stm32f0xx_hal_usart.o
LOAD HAL_Driver/Src/stm32f0xx_hal_wwdg.o
LOAD HAL_Driver/Src/stm32f0xx_ll_adc.o
LOAD HAL_Driver/Src/stm32f0xx_ll_comp.o
LOAD HAL_Driver/Src/stm32f0xx_ll_crc.o
LOAD HAL_Driver/Src/stm32f0xx_ll_crs.o
LOAD HAL_Driver/Src/stm32f0xx_ll_dac.o
LOAD HAL_Driver/Src/stm32f0xx_ll_dma.o
LOAD HAL_Driver/Src/stm32f0xx_ll_exti.o
LOAD HAL_Driver/Src/stm32f0xx_ll_gpio.o
LOAD HAL_Driver/Src/stm32f0xx_ll_i2c.o
LOAD HAL_Driver/Src/stm32f0xx_ll_pwr.o
LOAD HAL_Driver/Src/stm32f0xx_ll_rcc.o
LOAD HAL_Driver/Src/stm32f0xx_ll_rtc.o
LOAD HAL_Driver/Src/stm32f0xx_ll_spi.o
LOAD HAL_Driver/Src/stm32f0xx_ll_tim.o
LOAD HAL_Driver/Src/stm32f0xx_ll_usart.o
LOAD HAL_Driver/Src/stm32f0xx_ll_utils.o
LOAD Utilities/STM32F0308-Discovery/stm32f0308_discovery.o
LOAD src/io.o
LOAD src/main.o
LOAD src/stm32f0xx_it.o
LOAD src/syscalls.o
LOAD src/system_stm32f0xx.o
LOAD startup/startup_stm32f051x8.o
LOAD /home/prith123/Ac6/SystemWorkbench/plugins/fr.ac6.mcu.externaltools.arm-none.linux64_1.16.0.201807130628/tools/compiler/bin/../lib/gcc/arm-none-eabi/7.2.1/../../../../arm-none-eabi/lib/thumb/v6-m/libm.a
START GROUP
LOAD /home/prith123/Ac6/SystemWorkbench/plugins/fr.ac6.mcu.externaltools.arm-none.linux64_1.16.0.201807130628/tools/compiler/bin/../lib/gcc/arm-none-eabi/7.2.1/thumb/v6-m/libgcc.a
LOAD /home/prith123/Ac6/SystemWorkbench/plugins/fr.ac6.mcu.externaltools.arm-none.linux64_1.16.0.201807130628/tools/compiler/bin/../lib/gcc/arm-none-eabi/7.2.1/../../../../arm-none-eabi/lib/thumb/v6-m/libc.a
END GROUP
LOAD /home/prith123/Ac6/SystemWorkbench/plugins/fr.ac6.mcu.externaltools.arm-none.linux64_1.16.0.201807130628/tools/compiler/bin/../lib/gcc/arm-none-eabi/7.2.1/thumb/v6-m/crtend.o
LOAD /home/prith123/Ac6/SystemWorkbench/plugins/fr.ac6.mcu.externaltools.arm-none.linux64_1.16.0.201807130628/tools/compiler/bin/../lib/gcc/arm-none-eabi/7.2.1/thumb/v6-m/crtn.o
                0x0000000020002000                _estack = 0x20002000
                0x0000000000000000                _Min_Heap_Size = 0x0
                0x0000000000000080                _Min_Stack_Size = 0x80

.isr_vector     0x0000000008000000       0xc0
                0x0000000008000000                . = ALIGN (0x4)
 *(.isr_vector)
 .isr_vector    0x0000000008000000       0xc0 startup/startup_stm32f051x8.o
                0x0000000008000000                g_pfnVectors
                0x00000000080000c0                . = ALIGN (0x4)

.text           0x00000000080000c0      0x424
                0x00000000080000c0                . = ALIGN (0x4)
 *(.text)
 .text          0x00000000080000c0       0x48 /home/prith123/Ac6/SystemWorkbench/plugins/fr.ac6.mcu.externaltools.arm-none.linux64_1.16.0.201807130628/tools/compiler/bin/../lib/gcc/arm-none-eabi/7.2.1/thumb/v6-m/crtbegin.o
 .text          0x0000000008000108       0x90 src/io.o
                0x0000000008000108                enable_ports
                0x000000000800011e                portc_output
                0x000000000800012c                micro_wait
                0x000000000800013a                setpin
                0x0000000008000148                clrpin
                0x0000000008000158                getpin
                0x0000000008000166                porta_pullup
                0x0000000008000170                porta_pulldown
 *(.text*)
 .text.HAL_IncTick
                0x0000000008000198       0x18 HAL_Driver/Src/stm32f0xx_hal.o
                0x0000000008000198                HAL_IncTick
 .text.HAL_SYSTICK_IRQHandler
                0x00000000080001b0        0xe HAL_Driver/Src/stm32f0xx_hal_cortex.o
                0x00000000080001b0                HAL_SYSTICK_IRQHandler
 .text.HAL_SYSTICK_Callback
                0x00000000080001be        0xa HAL_Driver/Src/stm32f0xx_hal_cortex.o
                0x00000000080001be                HAL_SYSTICK_Callback
 .text.prob6    0x00000000080001c8       0x60 src/main.o
                0x00000000080001c8                prob6
 .text.main     0x0000000008000228       0x10 src/main.o
                0x0000000008000228                main
 .text.SysTick_Handler
                0x0000000008000238       0x12 src/stm32f0xx_it.o
                0x0000000008000238                SysTick_Handler
 *fill*         0x000000000800024a        0x2 
 .text.SystemInit
                0x000000000800024c       0x88 src/system_stm32f0xx.o
                0x000000000800024c                SystemInit
 .text.Reset_Handler
                0x00000000080002d4       0x50 startup/startup_stm32f051x8.o
                0x00000000080002d4                Reset_Handler
 .text.Default_Handler
                0x0000000008000324        0x2 startup/startup_stm32f051x8.o
                0x0000000008000324                TIM1_CC_IRQHandler
                0x0000000008000324                TSC_IRQHandler
                0x0000000008000324                HardFault_Handler
                0x0000000008000324                ADC1_COMP_IRQHandler
                0x0000000008000324                PVD_IRQHandler
                0x0000000008000324                PendSV_Handler
                0x0000000008000324                NMI_Handler
                0x0000000008000324                I2C1_IRQHandler
                0x0000000008000324                RCC_CRS_IRQHandler
                0x0000000008000324                SPI1_IRQHandler
                0x0000000008000324                TIM6_DAC_IRQHandler
                0x0000000008000324                EXTI2_3_IRQHandler
                0x0000000008000324                I2C2_IRQHandler
                0x0000000008000324                TIM17_IRQHandler
                0x0000000008000324                CEC_CAN_IRQHandler
                0x0000000008000324                RTC_IRQHandler
                0x0000000008000324                TIM16_IRQHandler
                0x0000000008000324                TIM3_IRQHandler
                0x0000000008000324                EXTI4_15_IRQHandler
                0x0000000008000324                DMA1_Channel1_IRQHandler
                0x0000000008000324                Default_Handler
                0x0000000008000324                TIM14_IRQHandler
                0x0000000008000324                DMA1_Channel4_5_IRQHandler
                0x0000000008000324                TIM15_IRQHandler
                0x0000000008000324                EXTI0_1_IRQHandler
                0x0000000008000324                SPI2_IRQHandler
                0x0000000008000324                SVC_Handler
                0x0000000008000324                WWDG_IRQHandler
                0x0000000008000324                TIM2_IRQHandler
                0x0000000008000324                DMA1_Channel2_3_IRQHandler
                0x0000000008000324                USART2_IRQHandler
                0x0000000008000324                FLASH_IRQHandler
                0x0000000008000324                USART1_IRQHandler
                0x0000000008000324                TIM1_BRK_UP_TRG_COM_IRQHandler
 *fill*         0x0000000008000326        0x2 
 .text.__libc_init_array
                0x0000000008000328       0x48 /home/prith123/Ac6/SystemWorkbench/plugins/fr.ac6.mcu.externaltools.arm-none.linux64_1.16.0.201807130628/tools/compiler/bin/../lib/gcc/arm-none-eabi/7.2.1/../../../../arm-none-eabi/lib/thumb/v6-m/libc.a(lib_a-init.o)
                0x0000000008000328                __libc_init_array
 .text.startup.register_fini
                0x0000000008000370       0x18 /home/prith123/Ac6/SystemWorkbench/plugins/fr.ac6.mcu.externaltools.arm-none.linux64_1.16.0.201807130628/tools/compiler/bin/../lib/gcc/arm-none-eabi/7.2.1/../../../../arm-none-eabi/lib/thumb/v6-m/libc.a(lib_a-__call_atexit.o)
 .text.atexit   0x0000000008000388       0x10 /home/prith123/Ac6/SystemWorkbench/plugins/fr.ac6.mcu.externaltools.arm-none.linux64_1.16.0.201807130628/tools/compiler/bin/../lib/gcc/arm-none-eabi/7.2.1/../../../../arm-none-eabi/lib/thumb/v6-m/libc.a(lib_a-atexit.o)
                0x0000000008000388                atexit
 .text.__libc_fini_array
                0x0000000008000398       0x34 /home/prith123/Ac6/SystemWorkbench/plugins/fr.ac6.mcu.externaltools.arm-none.linux64_1.16.0.201807130628/tools/compiler/bin/../lib/gcc/arm-none-eabi/7.2.1/../../../../arm-none-eabi/lib/thumb/v6-m/libc.a(lib_a-fini.o)
                0x0000000008000398                __libc_fini_array
 .text.__retarget_lock_acquire_recursive
                0x00000000080003cc        0x4 /home/prith123/Ac6/SystemWorkbench/plugins/fr.ac6.mcu.externaltools.arm-none.linux64_1.16.0.201807130628/tools/compiler/bin/../lib/gcc/arm-none-eabi/7.2.1/../../../../arm-none-eabi/lib/thumb/v6-m/libc.a(lib_a-lock.o)
                0x00000000080003cc                __retarget_lock_acquire_recursive
 .text.__retarget_lock_release_recursive
                0x00000000080003d0        0x4 /home/prith123/Ac6/SystemWorkbench/plugins/fr.ac6.mcu.externaltools.arm-none.linux64_1.16.0.201807130628/tools/compiler/bin/../lib/gcc/arm-none-eabi/7.2.1/../../../../arm-none-eabi/lib/thumb/v6-m/libc.a(lib_a-lock.o)
                0x00000000080003d0                __retarget_lock_release_recursive
 .text.__register_exitproc
                0x00000000080003d4       0xf4 /home/prith123/Ac6/SystemWorkbench/plugins/fr.ac6.mcu.externaltools.arm-none.linux64_1.16.0.201807130628/tools/compiler/bin/../lib/gcc/arm-none-eabi/7.2.1/../../../../arm-none-eabi/lib/thumb/v6-m/libc.a(lib_a-__atexit.o)
                0x00000000080003d4                __register_exitproc
 *(.rodata)
 *(.rodata*)
 .rodata._global_impure_ptr
                0x00000000080004c8        0x4 /home/prith123/Ac6/SystemWorkbench/plugins/fr.ac6.mcu.externaltools.arm-none.linux64_1.16.0.201807130628/tools/compiler/bin/../lib/gcc/arm-none-eabi/7.2.1/../../../../arm-none-eabi/lib/thumb/v6-m/libc.a(lib_a-impure.o)
                0x00000000080004c8                _global_impure_ptr
 *(.glue_7)
 .glue_7        0x00000000080004cc        0x0 linker stubs
 *(.glue_7t)
 .glue_7t       0x00000000080004cc        0x0 linker stubs
 *(.eh_frame)
 .eh_frame      0x00000000080004cc        0x0 /home/prith123/Ac6/SystemWorkbench/plugins/fr.ac6.mcu.externaltools.arm-none.linux64_1.16.0.201807130628/tools/compiler/bin/../lib/gcc/arm-none-eabi/7.2.1/thumb/v6-m/crtbegin.o
 *(.init)
 .init          0x00000000080004cc        0x4 /home/prith123/Ac6/SystemWorkbench/plugins/fr.ac6.mcu.externaltools.arm-none.linux64_1.16.0.201807130628/tools/compiler/bin/../lib/gcc/arm-none-eabi/7.2.1/thumb/v6-m/crti.o
                0x00000000080004cc                _init
 .init          0x00000000080004d0        0x8 /home/prith123/Ac6/SystemWorkbench/plugins/fr.ac6.mcu.externaltools.arm-none.linux64_1.16.0.201807130628/tools/compiler/bin/../lib/gcc/arm-none-eabi/7.2.1/thumb/v6-m/crtn.o
 *(.fini)
 .fini          0x00000000080004d8        0x4 /home/prith123/Ac6/SystemWorkbench/plugins/fr.ac6.mcu.externaltools.arm-none.linux64_1.16.0.201807130628/tools/compiler/bin/../lib/gcc/arm-none-eabi/7.2.1/thumb/v6-m/crti.o
                0x00000000080004d8                _fini
 .fini          0x00000000080004dc        0x8 /home/prith123/Ac6/SystemWorkbench/plugins/fr.ac6.mcu.externaltools.arm-none.linux64_1.16.0.201807130628/tools/compiler/bin/../lib/gcc/arm-none-eabi/7.2.1/thumb/v6-m/crtn.o
                0x00000000080004e4                . = ALIGN (0x4)
                0x00000000080004e4                _etext = .

.vfp11_veneer   0x00000000080004e4        0x0
 .vfp11_veneer  0x00000000080004e4        0x0 linker stubs

.v4_bx          0x00000000080004e4        0x0
 .v4_bx         0x00000000080004e4        0x0 linker stubs

.iplt           0x00000000080004e4        0x0
 .iplt          0x00000000080004e4        0x0 /home/prith123/Ac6/SystemWorkbench/plugins/fr.ac6.mcu.externaltools.arm-none.linux64_1.16.0.201807130628/tools/compiler/bin/../lib/gcc/arm-none-eabi/7.2.1/thumb/v6-m/crtbegin.o

.rel.dyn        0x00000000080004e4        0x0
 .rel.iplt      0x00000000080004e4        0x0 /home/prith123/Ac6/SystemWorkbench/plugins/fr.ac6.mcu.externaltools.arm-none.linux64_1.16.0.201807130628/tools/compiler/bin/../lib/gcc/arm-none-eabi/7.2.1/thumb/v6-m/crtbegin.o

.ARM.extab
 *(.ARM.extab* .gnu.linkonce.armextab.*)

.ARM            0x00000000080004e4        0x0
                0x00000000080004e4                __exidx_start = .
 *(.ARM.exidx*)
                0x00000000080004e4                __exidx_end = .

.preinit_array  0x00000000080004e4        0x0
                0x00000000080004e4                PROVIDE (__preinit_array_start, .)
 *(.preinit_array*)
                0x00000000080004e4                PROVIDE (__preinit_array_end, .)

.init_array     0x00000000080004e4        0x8
                0x00000000080004e4                PROVIDE (__init_array_start, .)
 *(SORT_BY_NAME(.init_array.*))
 .init_array.00000
                0x00000000080004e4        0x4 /home/prith123/Ac6/SystemWorkbench/plugins/fr.ac6.mcu.externaltools.arm-none.linux64_1.16.0.201807130628/tools/compiler/bin/../lib/gcc/arm-none-eabi/7.2.1/../../../../arm-none-eabi/lib/thumb/v6-m/libc.a(lib_a-__call_atexit.o)
 *(.init_array*)
 .init_array    0x00000000080004e8        0x4 /home/prith123/Ac6/SystemWorkbench/plugins/fr.ac6.mcu.externaltools.arm-none.linux64_1.16.0.201807130628/tools/compiler/bin/../lib/gcc/arm-none-eabi/7.2.1/thumb/v6-m/crtbegin.o
                0x00000000080004ec                PROVIDE (__init_array_end, .)

.fini_array     0x00000000080004ec        0x4
                0x00000000080004ec                PROVIDE (__fini_array_start, .)
 *(SORT_BY_NAME(.fini_array.*))
 *(.fini_array*)
 .fini_array    0x00000000080004ec        0x4 /home/prith123/Ac6/SystemWorkbench/plugins/fr.ac6.mcu.externaltools.arm-none.linux64_1.16.0.201807130628/tools/compiler/bin/../lib/gcc/arm-none-eabi/7.2.1/thumb/v6-m/crtbegin.o
                0x00000000080004f0                PROVIDE (__fini_array_end, .)
                0x00000000080004f0                _sidata = LOADADDR (.data)

.data           0x0000000020000000      0x42c load address 0x00000000080004f0
                0x0000000020000000                . = ALIGN (0x4)
                0x0000000020000000                _sdata = .
 *(.data)
 *(.data*)
 .data.impure_data
                0x0000000020000000      0x428 /home/prith123/Ac6/SystemWorkbench/plugins/fr.ac6.mcu.externaltools.arm-none.linux64_1.16.0.201807130628/tools/compiler/bin/../lib/gcc/arm-none-eabi/7.2.1/../../../../arm-none-eabi/lib/thumb/v6-m/libc.a(lib_a-impure.o)
 .data.__atexit_recursive_mutex
                0x0000000020000428        0x4 /home/prith123/Ac6/SystemWorkbench/plugins/fr.ac6.mcu.externaltools.arm-none.linux64_1.16.0.201807130628/tools/compiler/bin/../lib/gcc/arm-none-eabi/7.2.1/../../../../arm-none-eabi/lib/thumb/v6-m/libc.a(lib_a-__call_atexit.o)
                0x0000000020000428                __atexit_recursive_mutex
                0x000000002000042c                . = ALIGN (0x4)
                0x000000002000042c                _edata = .

.igot.plt       0x000000002000042c        0x0 load address 0x000000000800091c
 .igot.plt      0x000000002000042c        0x0 /home/prith123/Ac6/SystemWorkbench/plugins/fr.ac6.mcu.externaltools.arm-none.linux64_1.16.0.201807130628/tools/compiler/bin/../lib/gcc/arm-none-eabi/7.2.1/thumb/v6-m/crtbegin.o
                0x000000002000042c                . = ALIGN (0x4)

.bss            0x000000002000042c       0x44 load address 0x000000000800091c
                0x000000002000042c                _sbss = .
                0x000000002000042c                __bss_start__ = _sbss
 *(.bss)
 .bss           0x000000002000042c       0x1c /home/prith123/Ac6/SystemWorkbench/plugins/fr.ac6.mcu.externaltools.arm-none.linux64_1.16.0.201807130628/tools/compiler/bin/../lib/gcc/arm-none-eabi/7.2.1/thumb/v6-m/crtbegin.o
 *(.bss*)
 *(COMMON)
 COMMON         0x0000000020000448        0x4 HAL_Driver/Src/stm32f0xx_hal.o
                0x0000000020000448                uwTick
 COMMON         0x000000002000044c       0x21 /home/prith123/Ac6/SystemWorkbench/plugins/fr.ac6.mcu.externaltools.arm-none.linux64_1.16.0.201807130628/tools/compiler/bin/../lib/gcc/arm-none-eabi/7.2.1/../../../../arm-none-eabi/lib/thumb/v6-m/libc.a(lib_a-lock.o)
                0x000000002000044c                __lock___atexit_recursive_mutex
                0x0000000020000450                __lock___arc4random_mutex
                0x0000000020000454                __lock___env_recursive_mutex
                0x0000000020000458                __lock___sinit_recursive_mutex
                0x000000002000045c                __lock___malloc_recursive_mutex
                0x0000000020000460                __lock___at_quick_exit_mutex
                0x0000000020000464                __lock___dd_hash_mutex
                0x0000000020000468                __lock___tz_mutex
                0x000000002000046c                __lock___sfp_recursive_mutex
                0x0000000020000470                . = ALIGN (0x4)
 *fill*         0x000000002000046d        0x3 
                0x0000000020000470                _ebss = .
                0x0000000020000470                __bss_end__ = _ebss

._user_heap_stack
                0x0000000020000470       0x80 load address 0x000000000800091c
                0x0000000020000470                . = ALIGN (0x8)
                0x0000000020000470                PROVIDE (end, .)
                [!provide]                        PROVIDE (_end, .)
                0x0000000020000470                . = (. + _Min_Heap_Size)
                0x00000000200004f0                . = (. + _Min_Stack_Size)
 *fill*         0x0000000020000470       0x80 
                0x00000000200004f0                . = ALIGN (0x8)

.ARM.attributes
                0x0000000000000000       0x28
 *(.ARM.attributes)
 .ARM.attributes
                0x0000000000000000       0x1e /home/prith123/Ac6/SystemWorkbench/plugins/fr.ac6.mcu.externaltools.arm-none.linux64_1.16.0.201807130628/tools/compiler/bin/../lib/gcc/arm-none-eabi/7.2.1/thumb/v6-m/crti.o
 .ARM.attributes
                0x000000000000001e       0x2c /home/prith123/Ac6/SystemWorkbench/plugins/fr.ac6.mcu.externaltools.arm-none.linux64_1.16.0.201807130628/tools/compiler/bin/../lib/gcc/arm-none-eabi/7.2.1/thumb/v6-m/crtbegin.o
 .ARM.attributes
                0x000000000000004a       0x31 HAL_Driver/Src/stm32f0xx_hal.o
 .ARM.attributes
                0x000000000000007b       0x31 HAL_Driver/Src/stm32f0xx_hal_cortex.o
 .ARM.attributes
                0x00000000000000ac       0x21 src/io.o
 .ARM.attributes
                0x00000000000000cd       0x31 src/main.o
 .ARM.attributes
                0x00000000000000fe       0x31 src/stm32f0xx_it.o
 .ARM.attributes
                0x000000000000012f       0x31 src/system_stm32f0xx.o
 .ARM.attributes
                0x0000000000000160       0x21 startup/startup_stm32f051x8.o
 .ARM.attributes
                0x0000000000000181       0x2c /home/prith123/Ac6/SystemWorkbench/plugins/fr.ac6.mcu.externaltools.arm-none.linux64_1.16.0.201807130628/tools/compiler/bin/../lib/gcc/arm-none-eabi/7.2.1/../../../../arm-none-eabi/lib/thumb/v6-m/libc.a(lib_a-impure.o)
 .ARM.attributes
                0x00000000000001ad       0x2c /home/prith123/Ac6/SystemWorkbench/plugins/fr.ac6.mcu.externaltools.arm-none.linux64_1.16.0.201807130628/tools/compiler/bin/../lib/gcc/arm-none-eabi/7.2.1/../../../../arm-none-eabi/lib/thumb/v6-m/libc.a(lib_a-init.o)
 .ARM.attributes
                0x00000000000001d9       0x2c /home/prith123/Ac6/SystemWorkbench/plugins/fr.ac6.mcu.externaltools.arm-none.linux64_1.16.0.201807130628/tools/compiler/bin/../lib/gcc/arm-none-eabi/7.2.1/../../../../arm-none-eabi/lib/thumb/v6-m/libc.a(lib_a-__call_atexit.o)
 .ARM.attributes
                0x0000000000000205       0x2c /home/prith123/Ac6/SystemWorkbench/plugins/fr.ac6.mcu.externaltools.arm-none.linux64_1.16.0.201807130628/tools/compiler/bin/../lib/gcc/arm-none-eabi/7.2.1/../../../../arm-none-eabi/lib/thumb/v6-m/libc.a(lib_a-atexit.o)
 .ARM.attributes
                0x0000000000000231       0x2c /home/prith123/Ac6/SystemWorkbench/plugins/fr.ac6.mcu.externaltools.arm-none.linux64_1.16.0.201807130628/tools/compiler/bin/../lib/gcc/arm-none-eabi/7.2.1/../../../../arm-none-eabi/lib/thumb/v6-m/libc.a(lib_a-fini.o)
 .ARM.attributes
                0x000000000000025d       0x2c /home/prith123/Ac6/SystemWorkbench/plugins/fr.ac6.mcu.externaltools.arm-none.linux64_1.16.0.201807130628/tools/compiler/bin/../lib/gcc/arm-none-eabi/7.2.1/../../../../arm-none-eabi/lib/thumb/v6-m/libc.a(lib_a-lock.o)
 .ARM.attributes
                0x0000000000000289       0x2c /home/prith123/Ac6/SystemWorkbench/plugins/fr.ac6.mcu.externaltools.arm-none.linux64_1.16.0.201807130628/tools/compiler/bin/../lib/gcc/arm-none-eabi/7.2.1/../../../../arm-none-eabi/lib/thumb/v6-m/libc.a(lib_a-__atexit.o)
 .ARM.attributes
                0x00000000000002b5       0x1e /home/prith123/Ac6/SystemWorkbench/plugins/fr.ac6.mcu.externaltools.arm-none.linux64_1.16.0.201807130628/tools/compiler/bin/../lib/gcc/arm-none-eabi/7.2.1/thumb/v6-m/crtn.o
OUTPUT(Lab03.elf elf32-littlearm)

.debug_info     0x0000000000000000     0x31df
 .debug_info    0x0000000000000000      0xdeb HAL_Driver/Src/stm32f0xx_hal.o
 .debug_info    0x0000000000000deb      0xf37 HAL_Driver/Src/stm32f0xx_hal_cortex.o
 .debug_info    0x0000000000001d22       0x26 src/io.o
 .debug_info    0x0000000000001d48       0xdf src/main.o
 .debug_info    0x0000000000001e27      0x926 src/stm32f0xx_it.o
 .debug_info    0x000000000000274d      0xa70 src/system_stm32f0xx.o
 .debug_info    0x00000000000031bd       0x22 startup/startup_stm32f051x8.o

.debug_abbrev   0x0000000000000000      0xa53
 .debug_abbrev  0x0000000000000000      0x2a3 HAL_Driver/Src/stm32f0xx_hal.o
 .debug_abbrev  0x00000000000002a3      0x33d HAL_Driver/Src/stm32f0xx_hal_cortex.o
 .debug_abbrev  0x00000000000005e0       0x14 src/io.o
 .debug_abbrev  0x00000000000005f4       0x9e src/main.o
 .debug_abbrev  0x0000000000000692      0x1aa src/stm32f0xx_it.o
 .debug_abbrev  0x000000000000083c      0x205 src/system_stm32f0xx.o
 .debug_abbrev  0x0000000000000a41       0x12 startup/startup_stm32f051x8.o

.debug_aranges  0x0000000000000000      0x250
 .debug_aranges
                0x0000000000000000       0xb8 HAL_Driver/Src/stm32f0xx_hal.o
 .debug_aranges
                0x00000000000000b8       0xc0 HAL_Driver/Src/stm32f0xx_hal_cortex.o
 .debug_aranges
                0x0000000000000178       0x20 src/io.o
 .debug_aranges
                0x0000000000000198       0x48 src/main.o
 .debug_aranges
                0x00000000000001e0       0x20 src/stm32f0xx_it.o
 .debug_aranges
                0x0000000000000200       0x28 src/system_stm32f0xx.o
 .debug_aranges
                0x0000000000000228       0x28 startup/startup_stm32f051x8.o

.debug_ranges   0x0000000000000000      0x1d8
 .debug_ranges  0x0000000000000000       0xa8 HAL_Driver/Src/stm32f0xx_hal.o
 .debug_ranges  0x00000000000000a8       0xb0 HAL_Driver/Src/stm32f0xx_hal_cortex.o
 .debug_ranges  0x0000000000000158       0x38 src/main.o
 .debug_ranges  0x0000000000000190       0x10 src/stm32f0xx_it.o
 .debug_ranges  0x00000000000001a0       0x18 src/system_stm32f0xx.o
 .debug_ranges  0x00000000000001b8       0x20 startup/startup_stm32f051x8.o

.debug_macro    0x0000000000000000    0x10c7f
 .debug_macro   0x0000000000000000      0x432 HAL_Driver/Src/stm32f0xx_hal.o
 .debug_macro   0x0000000000000432      0xa60 HAL_Driver/Src/stm32f0xx_hal.o
 .debug_macro   0x0000000000000e92      0x117 HAL_Driver/Src/stm32f0xx_hal.o
 .debug_macro   0x0000000000000fa9       0x28 HAL_Driver/Src/stm32f0xx_hal.o
 .debug_macro   0x0000000000000fd1       0x22 HAL_Driver/Src/stm32f0xx_hal.o
 .debug_macro   0x0000000000000ff3       0x22 HAL_Driver/Src/stm32f0xx_hal.o
 .debug_macro   0x0000000000001015       0x87 HAL_Driver/Src/stm32f0xx_hal.o
 .debug_macro   0x000000000000109c       0x51 HAL_Driver/Src/stm32f0xx_hal.o
 .debug_macro   0x00000000000010ed       0xef HAL_Driver/Src/stm32f0xx_hal.o
 .debug_macro   0x00000000000011dc       0x6a HAL_Driver/Src/stm32f0xx_hal.o
 .debug_macro   0x0000000000001246      0x1df HAL_Driver/Src/stm32f0xx_hal.o
 .debug_macro   0x0000000000001425       0x34 HAL_Driver/Src/stm32f0xx_hal.o
 .debug_macro   0x0000000000001459       0x26 HAL_Driver/Src/stm32f0xx_hal.o
 .debug_macro   0x000000000000147f      0x30d HAL_Driver/Src/stm32f0xx_hal.o
 .debug_macro   0x000000000000178c     0x8d15 HAL_Driver/Src/stm32f0xx_hal.o
 .debug_macro   0x000000000000a4a1       0x3c HAL_Driver/Src/stm32f0xx_hal.o
 .debug_macro   0x000000000000a4dd       0x58 HAL_Driver/Src/stm32f0xx_hal.o
 .debug_macro   0x000000000000a535       0x17 HAL_Driver/Src/stm32f0xx_hal.o
 .debug_macro   0x000000000000a54c       0x35 HAL_Driver/Src/stm32f0xx_hal.o
 .debug_macro   0x000000000000a581       0x9c HAL_Driver/Src/stm32f0xx_hal.o
 .debug_macro   0x000000000000a61d       0x16 HAL_Driver/Src/stm32f0xx_hal.o
 .debug_macro   0x000000000000a633       0x97 HAL_Driver/Src/stm32f0xx_hal.o
 .debug_macro   0x000000000000a6ca      0x330 HAL_Driver/Src/stm32f0xx_hal.o
 .debug_macro   0x000000000000a9fa       0xfd HAL_Driver/Src/stm32f0xx_hal.o
 .debug_macro   0x000000000000aaf7       0x10 HAL_Driver/Src/stm32f0xx_hal.o
 .debug_macro   0x000000000000ab07       0x58 HAL_Driver/Src/stm32f0xx_hal.o
 .debug_macro   0x000000000000ab5f       0x1f HAL_Driver/Src/stm32f0xx_hal.o
 .debug_macro   0x000000000000ab7e       0x43 HAL_Driver/Src/stm32f0xx_hal.o
 .debug_macro   0x000000000000abc1       0x20 HAL_Driver/Src/stm32f0xx_hal.o
 .debug_macro   0x000000000000abe1      0x18e HAL_Driver/Src/stm32f0xx_hal.o
 .debug_macro   0x000000000000ad6f       0x10 HAL_Driver/Src/stm32f0xx_hal.o
 .debug_macro   0x000000000000ad7f       0x1c HAL_Driver/Src/stm32f0xx_hal.o
 .debug_macro   0x000000000000ad9b       0x52 HAL_Driver/Src/stm32f0xx_hal.o
 .debug_macro   0x000000000000aded       0x40 HAL_Driver/Src/stm32f0xx_hal.o
 .debug_macro   0x000000000000ae2d       0x10 HAL_Driver/Src/stm32f0xx_hal.o
 .debug_macro   0x000000000000ae3d       0x40 HAL_Driver/Src/stm32f0xx_hal.o
 .debug_macro   0x000000000000ae7d       0xd7 HAL_Driver/Src/stm32f0xx_hal.o
 .debug_macro   0x000000000000af54       0x1c HAL_Driver/Src/stm32f0xx_hal.o
 .debug_macro   0x000000000000af70       0x3d HAL_Driver/Src/stm32f0xx_hal.o
 .debug_macro   0x000000000000afad       0x16 HAL_Driver/Src/stm32f0xx_hal.o
 .debug_macro   0x000000000000afc3      0x16f HAL_Driver/Src/stm32f0xx_hal.o
 .debug_macro   0x000000000000b132       0x50 HAL_Driver/Src/stm32f0xx_hal.o
 .debug_macro   0x000000000000b182      0x92f HAL_Driver/Src/stm32f0xx_hal.o
 .debug_macro   0x000000000000bab1      0x252 HAL_Driver/Src/stm32f0xx_hal.o
 .debug_macro   0x000000000000bd03      0x13a HAL_Driver/Src/stm32f0xx_hal.o
 .debug_macro   0x000000000000be3d      0x114 HAL_Driver/Src/stm32f0xx_hal.o
 .debug_macro   0x000000000000bf51      0x1ed HAL_Driver/Src/stm32f0xx_hal.o
 .debug_macro   0x000000000000c13e       0x34 HAL_Driver/Src/stm32f0xx_hal.o
 .debug_macro   0x000000000000c172       0x43 HAL_Driver/Src/stm32f0xx_hal.o
 .debug_macro   0x000000000000c1b5       0x28 HAL_Driver/Src/stm32f0xx_hal.o
 .debug_macro   0x000000000000c1dd      0x33d HAL_Driver/Src/stm32f0xx_hal.o
 .debug_macro   0x000000000000c51a       0xd4 HAL_Driver/Src/stm32f0xx_hal.o
 .debug_macro   0x000000000000c5ee      0x2e2 HAL_Driver/Src/stm32f0xx_hal.o
 .debug_macro   0x000000000000c8d0      0x27b HAL_Driver/Src/stm32f0xx_hal.o
 .debug_macro   0x000000000000cb4b       0x81 HAL_Driver/Src/stm32f0xx_hal.o
 .debug_macro   0x000000000000cbcc       0x5a HAL_Driver/Src/stm32f0xx_hal.o
 .debug_macro   0x000000000000cc26       0x12 HAL_Driver/Src/stm32f0xx_hal.o
 .debug_macro   0x000000000000cc38       0xca HAL_Driver/Src/stm32f0xx_hal.o
 .debug_macro   0x000000000000cd02       0xd9 HAL_Driver/Src/stm32f0xx_hal.o
 .debug_macro   0x000000000000cddb       0xb6 HAL_Driver/Src/stm32f0xx_hal.o
 .debug_macro   0x000000000000ce91      0x199 HAL_Driver/Src/stm32f0xx_hal.o
 .debug_macro   0x000000000000d02a      0x202 HAL_Driver/Src/stm32f0xx_hal.o
 .debug_macro   0x000000000000d22c       0x61 HAL_Driver/Src/stm32f0xx_hal.o
 .debug_macro   0x000000000000d28d       0x90 HAL_Driver/Src/stm32f0xx_hal.o
 .debug_macro   0x000000000000d31d      0x1a0 HAL_Driver/Src/stm32f0xx_hal.o
 .debug_macro   0x000000000000d4bd      0x264 HAL_Driver/Src/stm32f0xx_hal.o
 .debug_macro   0x000000000000d721       0x2a HAL_Driver/Src/stm32f0xx_hal.o
 .debug_macro   0x000000000000d74b       0x87 HAL_Driver/Src/stm32f0xx_hal.o
 .debug_macro   0x000000000000d7d2       0x4d HAL_Driver/Src/stm32f0xx_hal.o
 .debug_macro   0x000000000000d81f      0x114 HAL_Driver/Src/stm32f0xx_hal.o
 .debug_macro   0x000000000000d933      0x2e2 HAL_Driver/Src/stm32f0xx_hal.o
 .debug_macro   0x000000000000dc15      0x2cb HAL_Driver/Src/stm32f0xx_hal.o
 .debug_macro   0x000000000000dee0       0xdd HAL_Driver/Src/stm32f0xx_hal.o
 .debug_macro   0x000000000000dfbd      0x391 HAL_Driver/Src/stm32f0xx_hal.o
 .debug_macro   0x000000000000e34e       0x10 HAL_Driver/Src/stm32f0xx_hal.o
 .debug_macro   0x000000000000e35e      0x356 HAL_Driver/Src/stm32f0xx_hal.o
 .debug_macro   0x000000000000e6b4      0x2f0 HAL_Driver/Src/stm32f0xx_hal.o
 .debug_macro   0x000000000000e9a4      0x845 HAL_Driver/Src/stm32f0xx_hal.o
 .debug_macro   0x000000000000f1e9       0x4c HAL_Driver/Src/stm32f0xx_hal.o
 .debug_macro   0x000000000000f235      0x46a HAL_Driver/Src/stm32f0xx_hal.o
 .debug_macro   0x000000000000f69f      0x38a HAL_Driver/Src/stm32f0xx_hal.o
 .debug_macro   0x000000000000fa29      0x1f7 HAL_Driver/Src/stm32f0xx_hal.o
 .debug_macro   0x000000000000fc20      0x1df HAL_Driver/Src/stm32f0xx_hal.o
 .debug_macro   0x000000000000fdff       0x93 HAL_Driver/Src/stm32f0xx_hal.o
 .debug_macro   0x000000000000fe92       0x89 HAL_Driver/Src/stm32f0xx_hal.o
 .debug_macro   0x000000000000ff1b      0x10d HAL_Driver/Src/stm32f0xx_hal.o
 .debug_macro   0x0000000000010028      0x40e HAL_Driver/Src/stm32f0xx_hal_cortex.o
 .debug_macro   0x0000000000010436       0x23 src/main.o
 .debug_macro   0x0000000000010459      0x418 src/stm32f0xx_it.o
 .debug_macro   0x0000000000010871      0x40e src/system_stm32f0xx.o

.debug_line     0x0000000000000000     0x2b9c
 .debug_line    0x0000000000000000      0xaf4 HAL_Driver/Src/stm32f0xx_hal.o
 .debug_line    0x0000000000000af4      0xb46 HAL_Driver/Src/stm32f0xx_hal_cortex.o
 .debug_line    0x000000000000163a       0x92 src/io.o
 .debug_line    0x00000000000016cc       0xe7 src/main.o
 .debug_line    0x00000000000017b3      0x9b2 src/stm32f0xx_it.o
 .debug_line    0x0000000000002165      0x9b4 src/system_stm32f0xx.o
 .debug_line    0x0000000000002b19       0x83 startup/startup_stm32f051x8.o

.debug_str      0x0000000000000000    0x6bc64
 .debug_str     0x0000000000000000    0x6b8fa HAL_Driver/Src/stm32f0xx_hal.o
                                      0x6bbe5 (size before relaxing)
 .debug_str     0x000000000006b8fa      0x218 HAL_Driver/Src/stm32f0xx_hal_cortex.o
                                      0x6bacf (size before relaxing)
 .debug_str     0x000000000006bb12       0x1b src/io.o
                                         0x40 (size before relaxing)
 .debug_str     0x000000000006bb2d       0x84 src/main.o
                                       0x2cc0 (size before relaxing)
 .debug_str     0x000000000006bbb1       0x38 src/stm32f0xx_it.o
                                      0x6b685 (size before relaxing)
 .debug_str     0x000000000006bbe9       0x5a src/system_stm32f0xx.o
                                      0x6b6fa (size before relaxing)
 .debug_str     0x000000000006bc43       0x21 startup/startup_stm32f051x8.o
                                         0x55 (size before relaxing)

.comment        0x0000000000000000       0x7e
 .comment       0x0000000000000000       0x7e HAL_Driver/Src/stm32f0xx_hal.o
                                         0x7f (size before relaxing)
 .comment       0x000000000000007e       0x7f HAL_Driver/Src/stm32f0xx_hal_cortex.o
 .comment       0x000000000000007e       0x7f src/main.o
 .comment       0x000000000000007e       0x7f src/stm32f0xx_it.o
 .comment       0x000000000000007e       0x7f src/system_stm32f0xx.o

.debug_frame    0x0000000000000000      0x7e0
 .debug_frame   0x0000000000000000      0x248 HAL_Driver/Src/stm32f0xx_hal.o
 .debug_frame   0x0000000000000248      0x2a0 HAL_Driver/Src/stm32f0xx_hal_cortex.o
 .debug_frame   0x00000000000004e8       0xc0 src/main.o
 .debug_frame   0x00000000000005a8       0x2c src/stm32f0xx_it.o
 .debug_frame   0x00000000000005d4       0x4c src/system_stm32f0xx.o
 .debug_frame   0x0000000000000620       0x2c /home/prith123/Ac6/SystemWorkbench/plugins/fr.ac6.mcu.externaltools.arm-none.linux64_1.16.0.201807130628/tools/compiler/bin/../lib/gcc/arm-none-eabi/7.2.1/../../../../arm-none-eabi/lib/thumb/v6-m/libc.a(lib_a-init.o)
 .debug_frame   0x000000000000064c       0x54 /home/prith123/Ac6/SystemWorkbench/plugins/fr.ac6.mcu.externaltools.arm-none.linux64_1.16.0.201807130628/tools/compiler/bin/../lib/gcc/arm-none-eabi/7.2.1/../../../../arm-none-eabi/lib/thumb/v6-m/libc.a(lib_a-__call_atexit.o)
 .debug_frame   0x00000000000006a0       0x28 /home/prith123/Ac6/SystemWorkbench/plugins/fr.ac6.mcu.externaltools.arm-none.linux64_1.16.0.201807130628/tools/compiler/bin/../lib/gcc/arm-none-eabi/7.2.1/../../../../arm-none-eabi/lib/thumb/v6-m/libc.a(lib_a-atexit.o)
 .debug_frame   0x00000000000006c8       0x2c /home/prith123/Ac6/SystemWorkbench/plugins/fr.ac6.mcu.externaltools.arm-none.linux64_1.16.0.201807130628/tools/compiler/bin/../lib/gcc/arm-none-eabi/7.2.1/../../../../arm-none-eabi/lib/thumb/v6-m/libc.a(lib_a-fini.o)
 .debug_frame   0x00000000000006f4       0xb0 /home/prith123/Ac6/SystemWorkbench/plugins/fr.ac6.mcu.externaltools.arm-none.linux64_1.16.0.201807130628/tools/compiler/bin/../lib/gcc/arm-none-eabi/7.2.1/../../../../arm-none-eabi/lib/thumb/v6-m/libc.a(lib_a-lock.o)
 .debug_frame   0x00000000000007a4       0x3c /home/prith123/Ac6/SystemWorkbench/plugins/fr.ac6.mcu.externaltools.arm-none.linux64_1.16.0.201807130628/tools/compiler/bin/../lib/gcc/arm-none-eabi/7.2.1/../../../../arm-none-eabi/lib/thumb/v6-m/libc.a(lib_a-__atexit.o)
